new:168:14:void* operator new(std::size_t, void*)	16	static
gthr-default.h:229:1:int __gthread_key_delete(__gthread_key_t)	16	static
functional_hash.h:133:3:std::size_t std::hash<unsigned char>::operator()(unsigned char) const	16	static
hashtable_policy.h:233:5:std::__detail::_Hash_node_base::_Hash_node_base()	16	static
hashtable_policy.h:446:5:std::__detail::_Mod_range_hashing::result_type std::__detail::_Mod_range_hashing::operator()(std::__detail::_Mod_range_hashing::first_argument_type, std::__detail::_Mod_range_hashing::second_argument_type) const	24	static
hashtable_policy.h:464:5:std::__detail::_Prime_rehash_policy::_Prime_rehash_policy(float)	16	static
hashtable_policy.h:477:5:std::size_t std::__detail::_Prime_rehash_policy::_M_bkt_for_elements(std::size_t) const	24	static
hashtable_policy.h:491:5:std::__detail::_Prime_rehash_policy::_State std::__detail::_Prime_rehash_policy::_M_state() const	16	static
move.h:73:5:constexpr _Tp&& std::forward(typename std::remove_reference<_From>::type&) [with _Tp = bool]	16	static
stl_pair.h:198:12:std::pair<const app::appState, std::__cxx11::basic_string<char> >::~pair()	16	static
move.h:73:5:constexpr _Tp&& std::forward(typename std::remove_reference<_From>::type&) [with _Tp = const char (&)[8]]	16	static
stl_pair.h:330:12:constexpr std::pair<_T1, _T2>::pair(_U1&&, _U2&&) [with _U1 = app::appState; _U2 = const char (&)[8]; typename std::enable_if<(std::_PCC<true, _T1, _T2>::_MoveConstructiblePair<_U1, _U2>() && std::_PCC<true, _T1, _T2>::_ImplicitlyMoveConvertiblePair<_U1, _U2>()), bool>::type <anonymous> = 1; _T1 = const app::appState; _T2 = std::__cxx11::basic_string<char>]	40	static
move.h:73:5:constexpr _Tp&& std::forward(typename std::remove_reference<_From>::type&) [with _Tp = const char (&)[43]]	16	static
stl_pair.h:330:12:constexpr std::pair<_T1, _T2>::pair(_U1&&, _U2&&) [with _U1 = app::appState; _U2 = const char (&)[43]; typename std::enable_if<(std::_PCC<true, _T1, _T2>::_MoveConstructiblePair<_U1, _U2>() && std::_PCC<true, _T1, _T2>::_ImplicitlyMoveConvertiblePair<_U1, _U2>()), bool>::type <anonymous> = 1; _T1 = const app::appState; _T2 = std::__cxx11::basic_string<char>]	40	static
move.h:73:5:constexpr _Tp&& std::forward(typename std::remove_reference<_From>::type&) [with _Tp = const char (&)[13]]	16	static
stl_pair.h:330:12:constexpr std::pair<_T1, _T2>::pair(_U1&&, _U2&&) [with _U1 = app::appState; _U2 = const char (&)[13]; typename std::enable_if<(std::_PCC<true, _T1, _T2>::_MoveConstructiblePair<_U1, _U2>() && std::_PCC<true, _T1, _T2>::_ImplicitlyMoveConvertiblePair<_U1, _U2>()), bool>::type <anonymous> = 1; _T1 = const app::appState; _T2 = std::__cxx11::basic_string<char>]	40	static
move.h:73:5:constexpr _Tp&& std::forward(typename std::remove_reference<_From>::type&) [with _Tp = const char (&)[27]]	16	static
stl_pair.h:330:12:constexpr std::pair<_T1, _T2>::pair(_U1&&, _U2&&) [with _U1 = app::appState; _U2 = const char (&)[27]; typename std::enable_if<(std::_PCC<true, _T1, _T2>::_MoveConstructiblePair<_U1, _U2>() && std::_PCC<true, _T1, _T2>::_ImplicitlyMoveConvertiblePair<_U1, _U2>()), bool>::type <anonymous> = 1; _T1 = const app::appState; _T2 = std::__cxx11::basic_string<char>]	40	static
move.h:73:5:constexpr _Tp&& std::forward(typename std::remove_reference<_From>::type&) [with _Tp = const char (&)[11]]	16	static
stl_pair.h:330:12:constexpr std::pair<_T1, _T2>::pair(_U1&&, _U2&&) [with _U1 = app::appState; _U2 = const char (&)[11]; typename std::enable_if<(std::_PCC<true, _T1, _T2>::_MoveConstructiblePair<_U1, _U2>() && std::_PCC<true, _T1, _T2>::_ImplicitlyMoveConvertiblePair<_U1, _U2>()), bool>::type <anonymous> = 1; _T1 = const app::appState; _T2 = std::__cxx11::basic_string<char>]	40	static
move.h:73:5:constexpr _Tp&& std::forward(typename std::remove_reference<_From>::type&) [with _Tp = const char (&)[33]]	16	static
stl_pair.h:330:12:constexpr std::pair<_T1, _T2>::pair(_U1&&, _U2&&) [with _U1 = app::appState; _U2 = const char (&)[33]; typename std::enable_if<(std::_PCC<true, _T1, _T2>::_MoveConstructiblePair<_U1, _U2>() && std::_PCC<true, _T1, _T2>::_ImplicitlyMoveConvertiblePair<_U1, _U2>()), bool>::type <anonymous> = 1; _T1 = const app::appState; _T2 = std::__cxx11::basic_string<char>]	40	static
move.h:73:5:constexpr _Tp&& std::forward(typename std::remove_reference<_From>::type&) [with _Tp = const char (&)[21]]	16	static
stl_pair.h:330:12:constexpr std::pair<_T1, _T2>::pair(_U1&&, _U2&&) [with _U1 = app::appState; _U2 = const char (&)[21]; typename std::enable_if<(std::_PCC<true, _T1, _T2>::_MoveConstructiblePair<_U1, _U2>() && std::_PCC<true, _T1, _T2>::_ImplicitlyMoveConvertiblePair<_U1, _U2>()), bool>::type <anonymous> = 1; _T1 = const app::appState; _T2 = std::__cxx11::basic_string<char>]	40	static
move.h:73:5:constexpr _Tp&& std::forward(typename std::remove_reference<_From>::type&) [with _Tp = const char (&)[37]]	16	static
stl_pair.h:330:12:constexpr std::pair<_T1, _T2>::pair(_U1&&, _U2&&) [with _U1 = app::appState; _U2 = const char (&)[37]; typename std::enable_if<(std::_PCC<true, _T1, _T2>::_MoveConstructiblePair<_U1, _U2>() && std::_PCC<true, _T1, _T2>::_ImplicitlyMoveConvertiblePair<_U1, _U2>()), bool>::type <anonymous> = 1; _T1 = const app::appState; _T2 = std::__cxx11::basic_string<char>]	40	static
move.h:73:5:constexpr _Tp&& std::forward(typename std::remove_reference<_From>::type&) [with _Tp = const char (&)[22]]	16	static
stl_pair.h:330:12:constexpr std::pair<_T1, _T2>::pair(_U1&&, _U2&&) [with _U1 = app::appState; _U2 = const char (&)[22]; typename std::enable_if<(std::_PCC<true, _T1, _T2>::_MoveConstructiblePair<_U1, _U2>() && std::_PCC<true, _T1, _T2>::_ImplicitlyMoveConvertiblePair<_U1, _U2>()), bool>::type <anonymous> = 1; _T1 = const app::appState; _T2 = std::__cxx11::basic_string<char>]	40	static
move.h:73:5:constexpr _Tp&& std::forward(typename std::remove_reference<_From>::type&) [with _Tp = const char (&)[9]]	16	static
stl_pair.h:330:12:constexpr std::pair<_T1, _T2>::pair(_U1&&, _U2&&) [with _U1 = app::appState; _U2 = const char (&)[9]; typename std::enable_if<(std::_PCC<true, _T1, _T2>::_MoveConstructiblePair<_U1, _U2>() && std::_PCC<true, _T1, _T2>::_ImplicitlyMoveConvertiblePair<_U1, _U2>()), bool>::type <anonymous> = 1; _T1 = const app::appState; _T2 = std::__cxx11::basic_string<char>]	40	static
move.h:73:5:constexpr _Tp&& std::forward(typename std::remove_reference<_From>::type&) [with _Tp = const char (&)[12]]	16	static
stl_pair.h:330:12:constexpr std::pair<_T1, _T2>::pair(_U1&&, _U2&&) [with _U1 = app::appState; _U2 = const char (&)[12]; typename std::enable_if<(std::_PCC<true, _T1, _T2>::_MoveConstructiblePair<_U1, _U2>() && std::_PCC<true, _T1, _T2>::_ImplicitlyMoveConvertiblePair<_U1, _U2>()), bool>::type <anonymous> = 1; _T1 = const app::appState; _T2 = std::__cxx11::basic_string<char>]	40	static
move.h:73:5:constexpr _Tp&& std::forward(typename std::remove_reference<_From>::type&) [with _Tp = const char (&)[16]]	16	static
stl_pair.h:330:12:constexpr std::pair<_T1, _T2>::pair(_U1&&, _U2&&) [with _U1 = app::appState; _U2 = const char (&)[16]; typename std::enable_if<(std::_PCC<true, _T1, _T2>::_MoveConstructiblePair<_U1, _U2>() && std::_PCC<true, _T1, _T2>::_ImplicitlyMoveConvertiblePair<_U1, _U2>()), bool>::type <anonymous> = 1; _T1 = const app::appState; _T2 = std::__cxx11::basic_string<char>]	40	static
move.h:73:5:constexpr _Tp&& std::forward(typename std::remove_reference<_From>::type&) [with _Tp = const char (&)[25]]	16	static
stl_pair.h:330:12:constexpr std::pair<_T1, _T2>::pair(_U1&&, _U2&&) [with _U1 = app::appState; _U2 = const char (&)[25]; typename std::enable_if<(std::_PCC<true, _T1, _T2>::_MoveConstructiblePair<_U1, _U2>() && std::_PCC<true, _T1, _T2>::_ImplicitlyMoveConvertiblePair<_U1, _U2>()), bool>::type <anonymous> = 1; _T1 = const app::appState; _T2 = std::__cxx11::basic_string<char>]	40	static
move.h:73:5:constexpr _Tp&& std::forward(typename std::remove_reference<_From>::type&) [with _Tp = const char (&)[18]]	16	static
stl_pair.h:330:12:constexpr std::pair<_T1, _T2>::pair(_U1&&, _U2&&) [with _U1 = app::appState; _U2 = const char (&)[18]; typename std::enable_if<(std::_PCC<true, _T1, _T2>::_MoveConstructiblePair<_U1, _U2>() && std::_PCC<true, _T1, _T2>::_ImplicitlyMoveConvertiblePair<_U1, _U2>()), bool>::type <anonymous> = 1; _T1 = const app::appState; _T2 = std::__cxx11::basic_string<char>]	40	static
move.h:73:5:constexpr _Tp&& std::forward(typename std::remove_reference<_From>::type&) [with _Tp = const char (&)[28]]	16	static
stl_pair.h:330:12:constexpr std::pair<_T1, _T2>::pair(_U1&&, _U2&&) [with _U1 = app::appState; _U2 = const char (&)[28]; typename std::enable_if<(std::_PCC<true, _T1, _T2>::_MoveConstructiblePair<_U1, _U2>() && std::_PCC<true, _T1, _T2>::_ImplicitlyMoveConvertiblePair<_U1, _U2>()), bool>::type <anonymous> = 1; _T1 = const app::appState; _T2 = std::__cxx11::basic_string<char>]	40	static
move.h:73:5:constexpr _Tp&& std::forward(typename std::remove_reference<_From>::type&) [with _Tp = const char (&)[26]]	16	static
stl_pair.h:330:12:constexpr std::pair<_T1, _T2>::pair(_U1&&, _U2&&) [with _U1 = app::appState; _U2 = const char (&)[26]; typename std::enable_if<(std::_PCC<true, _T1, _T2>::_MoveConstructiblePair<_U1, _U2>() && std::_PCC<true, _T1, _T2>::_ImplicitlyMoveConvertiblePair<_U1, _U2>()), bool>::type <anonymous> = 1; _T1 = const app::appState; _T2 = std::__cxx11::basic_string<char>]	40	static
move.h:73:5:constexpr _Tp&& std::forward(typename std::remove_reference<_From>::type&) [with _Tp = const char (&)[14]]	16	static
stl_pair.h:330:12:constexpr std::pair<_T1, _T2>::pair(_U1&&, _U2&&) [with _U1 = app::appState; _U2 = const char (&)[14]; typename std::enable_if<(std::_PCC<true, _T1, _T2>::_MoveConstructiblePair<_U1, _U2>() && std::_PCC<true, _T1, _T2>::_ImplicitlyMoveConvertiblePair<_U1, _U2>()), bool>::type <anonymous> = 1; _T1 = const app::appState; _T2 = std::__cxx11::basic_string<char>]	40	static
move.h:73:5:constexpr _Tp&& std::forward(typename std::remove_reference<_From>::type&) [with _Tp = const char (&)[10]]	16	static
stl_pair.h:330:12:constexpr std::pair<_T1, _T2>::pair(_U1&&, _U2&&) [with _U1 = app::appState; _U2 = const char (&)[10]; typename std::enable_if<(std::_PCC<true, _T1, _T2>::_MoveConstructiblePair<_U1, _U2>() && std::_PCC<true, _T1, _T2>::_ImplicitlyMoveConvertiblePair<_U1, _U2>()), bool>::type <anonymous> = 1; _T1 = const app::appState; _T2 = std::__cxx11::basic_string<char>]	40	static
TUnit.hpp:18:2:constexpr unit::TUnit::TUnit()	16	static
TUnit.hpp:19:10:unit::TUnit::~TUnit()	16	static
TUnit.hpp:19:10:virtual unit::TUnit::~TUnit()	16	static
TPhoto.cpp:16:1:unit::TPhoto::TPhoto()	16	static
TPhoto.cpp:25:1:unit::TPhoto::~TPhoto()	16	static
TPhoto.cpp:25:1:virtual unit::TPhoto::~TPhoto()	16	static
TPhoto.cpp:34:6:virtual bool unit::TPhoto::check()	16	static
TPhoto.cpp:41:6:virtual void unit::TPhoto::init()	16	static
TPhoto.cpp:50:6:virtual void unit::TPhoto::sleep()	16	static
TPhoto.cpp:57:6:virtual void unit::TPhoto::wakeup()	16	static
TPhoto.cpp:64:6:virtual bool unit::TPhoto::process()	16	static
stl_algobase.h:219:5:constexpr const _Tp& std::max(const _Tp&, const _Tp&) [with _Tp = unsigned int]	16	static
move.h:73:5:constexpr _Tp&& std::forward(typename std::remove_reference<_From>::type&) [with _Tp = app::appState]	16	static
allocator.h:131:7:std::allocator< <template-parameter-1-1> >::allocator() [with _Tp = std::pair<const app::appState, std::__cxx11::basic_string<char> >]	16	static
allocator.h:139:7:std::allocator< <template-parameter-1-1> >::~allocator() [with _Tp = std::pair<const app::appState, std::__cxx11::basic_string<char> >]	16	static
unordered_map.h:225:7:std::unordered_map<_Key, _Tp, _Hash, _Pred, _Alloc>::unordered_map(std::initializer_list<typename std::_Hashtable<_Key, std::pair<const _Key, _Tp>, _Alloc, std::__detail::_Select1st, _Pred, _Hash, std::__detail::_Mod_range_hashing, std::__detail::_Default_ranged_hash, std::__detail::_Prime_rehash_policy, std::__detail::_Hashtable_traits<std::__not_<std::__and_<std::__is_fast_hash<_Hash>, std::__detail::__is_noexcept_hash<_Key, _Hash> > >::value, false, true> >::value_type>, std::unordered_map<_Key, _Tp, _Hash, _Pred, _Alloc>::size_type, const hasher&, const key_equal&, const allocator_type&) [with _Key = app::appState; _Tp = std::__cxx11::basic_string<char>; _Hash = std::hash<app::appState>; _Pred = std::equal_to<app::appState>; _Alloc = std::allocator<std::pair<const app::appState, std::__cxx11::basic_string<char> > >]	40	static
unique_ptr.h:328:7:std::unique_ptr<_Tp, _Dp>::pointer std::unique_ptr<_Tp, _Dp>::operator->() const [with _Tp = app::TApplication; _Dp = std::default_delete<app::TApplication>]	16	static
new_allocator.h:79:7:__gnu_cxx::new_allocator<_Tp>::new_allocator() [with _Tp = std::pair<const app::appState, std::__cxx11::basic_string<char> >]	16	static
new_allocator.h:86:7:__gnu_cxx::new_allocator<_Tp>::~new_allocator() [with _Tp = std::pair<const app::appState, std::__cxx11::basic_string<char> >]	16	static
initializer_list:75:7:constexpr const _E* std::initializer_list<_E>::begin() const [with _E = std::pair<const app::appState, std::__cxx11::basic_string<char> >]	16	static
initializer_list:79:7:constexpr const _E* std::initializer_list<_E>::end() const [with _E = std::pair<const app::appState, std::__cxx11::basic_string<char> >]	24	static
hashtable.h:447:7:std::_Hashtable<_Key, _Value, _Alloc, _ExtractKey, _Equal, _H1, _H2, _Hash, _RehashPolicy, _Traits>::_Hashtable(std::initializer_list<_Value>, std::_Hashtable<_Key, _Value, _Alloc, _ExtractKey, _Equal, _H1, _H2, _Hash, _RehashPolicy, _Traits>::size_type, const _H1&, const key_equal&, const allocator_type&) [with _Key = app::appState; _Value = std::pair<const app::appState, std::__cxx11::basic_string<char> >; _Alloc = std::allocator<std::pair<const app::appState, std::__cxx11::basic_string<char> > >; _ExtractKey = std::__detail::_Select1st; _Equal = std::equal_to<app::appState>; _H1 = std::hash<app::appState>; _H2 = std::__detail::_Mod_range_hashing; _Hash = std::__detail::_Default_ranged_hash; _RehashPolicy = std::__detail::_Prime_rehash_policy; _Traits = std::__detail::_Hashtable_traits<false, false, true>]	72	static
hashtable_policy.h:1084:12:std::__detail::_Hashtable_ebo_helper<0, std::allocator<std::__detail::_Hash_node<std::pair<const app::appState, std::__cxx11::basic_string<char> >, false> >, true>::~_Hashtable_ebo_helper()	16	static
hashtable_policy.h:1997:12:std::__detail::_Hashtable_alloc<std::allocator<std::__detail::_Hash_node<std::pair<const app::appState, std::__cxx11::basic_string<char> >, false> > >::~_Hashtable_alloc()	16	static
hashtable.h:1351:5:std::_Hashtable<_Key, _Value, _Alloc, _ExtractKey, _Equal, _H1, _H2, _Hash, _RehashPolicy, _Traits>::~_Hashtable() [with _Key = app::appState; _Value = std::pair<const app::appState, std::__cxx11::basic_string<char> >; _Alloc = std::allocator<std::pair<const app::appState, std::__cxx11::basic_string<char> > >; _ExtractKey = std::__detail::_Select1st; _Equal = std::equal_to<app::appState>; _H1 = std::hash<app::appState>; _H2 = std::__detail::_Mod_range_hashing; _Hash = std::__detail::_Default_ranged_hash; _RehashPolicy = std::__detail::_Prime_rehash_policy; _Traits = std::__detail::_Hashtable_traits<false, false, true>]	16	static
unique_ptr.h:336:7:std::unique_ptr<_Tp, _Dp>::pointer std::unique_ptr<_Tp, _Dp>::get() const [with _Tp = app::TApplication; _Dp = std::default_delete<app::TApplication>]	16	static
initializer_list:71:7:constexpr std::initializer_list<_E>::size_type std::initializer_list<_E>::size() const [with _E = std::pair<const app::appState, std::__cxx11::basic_string<char> >]	16	static
hashtable.h:955:7:std::_Hashtable<_Key, _Value, _Alloc, _ExtractKey, _Equal, _H1, _H2, _Hash, _RehashPolicy, _Traits>::_Hashtable(_InputIterator, _InputIterator, std::_Hashtable<_Key, _Value, _Alloc, _ExtractKey, _Equal, _H1, _H2, _Hash, _RehashPolicy, _Traits>::size_type, const _H1&, const _H2&, const _Hash&, const _Equal&, const _ExtractKey&, const allocator_type&) [with _InputIterator = const std::pair<const app::appState, std::__cxx11::basic_string<char> >*; _Key = app::appState; _Value = std::pair<const app::appState, std::__cxx11::basic_string<char> >; _Alloc = std::allocator<std::pair<const app::appState, std::__cxx11::basic_string<char> > >; _ExtractKey = std::__detail::_Select1st; _Equal = std::equal_to<app::appState>; _H1 = std::hash<app::appState>; _H2 = std::__detail::_Mod_range_hashing; _Hash = std::__detail::_Default_ranged_hash; _RehashPolicy = std::__detail::_Prime_rehash_policy; _Traits = std::__detail::_Hashtable_traits<false, false, true>]	72	static
allocator.h:139:7:std::allocator< <template-parameter-1-1> >::~allocator() [with _Tp = std::__detail::_Hash_node<std::pair<const app::appState, std::__cxx11::basic_string<char> >, false>]	16	static
hashtable.h:2025:5:void std::_Hashtable<_Key, _Value, _Alloc, _ExtractKey, _Equal, _H1, _H2, _Hash, _RehashPolicy, _Traits>::clear() [with _Key = app::appState; _Value = std::pair<const app::appState, std::__cxx11::basic_string<char> >; _Alloc = std::allocator<std::pair<const app::appState, std::__cxx11::basic_string<char> > >; _ExtractKey = std::__detail::_Select1st; _Equal = std::equal_to<app::appState>; _H1 = std::hash<app::appState>; _H2 = std::__detail::_Mod_range_hashing; _Hash = std::__detail::_Default_ranged_hash; _RehashPolicy = std::__detail::_Prime_rehash_policy; _Traits = std::__detail::_Hashtable_traits<false, false, true>]	16	static
hashtable.h:367:7:void std::_Hashtable<_Key, _Value, _Alloc, _ExtractKey, _Equal, _H1, _H2, _Hash, _RehashPolicy, _Traits>::_M_deallocate_buckets() [with _Key = app::appState; _Value = std::pair<const app::appState, std::__cxx11::basic_string<char> >; _Alloc = std::allocator<std::pair<const app::appState, std::__cxx11::basic_string<char> > >; _ExtractKey = std::__detail::_Select1st; _Equal = std::equal_to<app::appState>; _H1 = std::hash<app::appState>; _H2 = std::__detail::_Mod_range_hashing; _Hash = std::__detail::_Default_ranged_hash; _RehashPolicy = std::__detail::_Prime_rehash_policy; _Traits = std::__detail::_Hashtable_traits<false, false, true>]	16	static
unique_ptr.h:147:18:std::__uniq_ptr_impl<_Tp, _Dp>::pointer std::__uniq_ptr_impl<_Tp, _Dp>::_M_ptr() const [with _Tp = app::TApplication; _Dp = std::default_delete<app::TApplication>]	16	static
hashtable.h:392:7:std::_Hashtable<_Key, _Value, _Alloc, _ExtractKey, _Equal, _H1, _H2, _Hash, _RehashPolicy, _Traits>::_Hashtable(const _H1&, const _H2&, const _Hash&, const _Equal&, const _ExtractKey&, const allocator_type&) [with _Key = app::appState; _Value = std::pair<const app::appState, std::__cxx11::basic_string<char> >; _Alloc = std::allocator<std::pair<const app::appState, std::__cxx11::basic_string<char> > >; _ExtractKey = std::__detail::_Select1st; _Equal = std::equal_to<app::appState>; _H1 = std::hash<app::appState>; _H2 = std::__detail::_Mod_range_hashing; _Hash = std::__detail::_Default_ranged_hash; _RehashPolicy = std::__detail::_Prime_rehash_policy; _Traits = std::__detail::_Hashtable_traits<false, false, true>]	40	static
hashtable_policy.h:78:5:typename std::iterator_traits<_Iterator>::difference_type std::__detail::__distance_fw(_Iterator, _Iterator) [with _Iterator = const std::pair<const app::appState, std::__cxx11::basic_string<char> >*]	24	static
hashtable.h:346:7:std::_Hashtable<_Key, _Value, _Alloc, _ExtractKey, _Equal, _H1, _H2, _Hash, _RehashPolicy, _Traits>::__bucket_type* std::_Hashtable<_Key, _Value, _Alloc, _ExtractKey, _Equal, _H1, _H2, _Hash, _RehashPolicy, _Traits>::_M_allocate_buckets(std::_Hashtable<_Key, _Value, _Alloc, _ExtractKey, _Equal, _H1, _H2, _Hash, _RehashPolicy, _Traits>::size_type) [with _Key = app::appState; _Value = std::pair<const app::appState, std::__cxx11::basic_string<char> >; _Alloc = std::allocator<std::pair<const app::appState, std::__cxx11::basic_string<char> > >; _ExtractKey = std::__detail::_Select1st; _Equal = std::equal_to<app::appState>; _H1 = std::hash<app::appState>; _H2 = std::__detail::_Mod_range_hashing; _Hash = std::__detail::_Default_ranged_hash; _RehashPolicy = std::__detail::_Prime_rehash_policy; _Traits = std::__detail::_Hashtable_traits<false, false, true>]	16	static
hashtable_policy.h:839:7:std::__detail::_Insert_base<_Key, _Value, _Alloc, _ExtractKey, _Equal, _H1, _H2, _Hash, _RehashPolicy, _Traits>::__ireturn_type std::__detail::_Insert_base<_Key, _Value, _Alloc, _ExtractKey, _Equal, _H1, _H2, _Hash, _RehashPolicy, _Traits>::insert(const value_type&) [with _Key = app::appState; _Value = std::pair<const app::appState, std::__cxx11::basic_string<char> >; _Alloc = std::allocator<std::pair<const app::appState, std::__cxx11::basic_string<char> > >; _ExtractKey = std::__detail::_Select1st; _Equal = std::equal_to<app::appState>; _H1 = std::hash<app::appState>; _H2 = std::__detail::_Mod_range_hashing; _Hash = std::__detail::_Default_ranged_hash; _RehashPolicy = std::__detail::_Prime_rehash_policy; _Traits = std::__detail::_Hashtable_traits<false, false, true>]	56	static
new_allocator.h:86:7:__gnu_cxx::new_allocator<_Tp>::~new_allocator() [with _Tp = std::__detail::_Hash_node<std::pair<const app::appState, std::__cxx11::basic_string<char> >, false>]	16	static
hashtable.h:376:7:std::_Hashtable<_Key, _Value, _Alloc, _ExtractKey, _Equal, _H1, _H2, _Hash, _RehashPolicy, _Traits>::__node_type* std::_Hashtable<_Key, _Value, _Alloc, _ExtractKey, _Equal, _H1, _H2, _Hash, _RehashPolicy, _Traits>::_M_begin() const [with _Key = app::appState; _Value = std::pair<const app::appState, std::__cxx11::basic_string<char> >; _Alloc = std::allocator<std::pair<const app::appState, std::__cxx11::basic_string<char> > >; _ExtractKey = std::__detail::_Select1st; _Equal = std::equal_to<app::appState>; _H1 = std::hash<app::appState>; _H2 = std::__detail::_Mod_range_hashing; _Hash = std::__detail::_Default_ranged_hash; _RehashPolicy = std::__detail::_Prime_rehash_policy; _Traits = std::__detail::_Hashtable_traits<false, false, true>]	16	static
hashtable_policy.h:2091:5:void std::__detail::_Hashtable_alloc<_NodeAlloc>::_M_deallocate_nodes(std::__detail::_Hashtable_alloc<_NodeAlloc>::__node_type*) [with _NodeAlloc = std::allocator<std::__detail::_Hash_node<std::pair<const app::appState, std::__cxx11::basic_string<char> >, false> >]	24	static
hashtable.h:358:7:void std::_Hashtable<_Key, _Value, _Alloc, _ExtractKey, _Equal, _H1, _H2, _Hash, _RehashPolicy, _Traits>::_M_deallocate_buckets(std::_Hashtable<_Key, _Value, _Alloc, _ExtractKey, _Equal, _H1, _H2, _Hash, _RehashPolicy, _Traits>::__bucket_type*, std::_Hashtable<_Key, _Value, _Alloc, _ExtractKey, _Equal, _H1, _H2, _Hash, _RehashPolicy, _Traits>::size_type) [with _Key = app::appState; _Value = std::pair<const app::appState, std::__cxx11::basic_string<char> >; _Alloc = std::allocator<std::pair<const app::appState, std::__cxx11::basic_string<char> > >; _ExtractKey = std::__detail::_Select1st; _Equal = std::equal_to<app::appState>; _H1 = std::hash<app::appState>; _H2 = std::__detail::_Mod_range_hashing; _Hash = std::__detail::_Default_ranged_hash; _RehashPolicy = std::__detail::_Prime_rehash_policy; _Traits = std::__detail::_Hashtable_traits<false, false, true>]	24	static
tuple:1320:5:>&) [with unsigned int __i = 0; _Elements = {app::TApplication*, std::default_delete<app::TApplication>}]	16	static
allocator.h:137:2:std::allocator< <template-parameter-1-1> >::allocator(const std::allocator<_Tp1>&) [with _Tp1 = std::pair<const app::appState, std::__cxx11::basic_string<char> >; _Tp = std::__detail::_Hash_node<std::pair<const app::appState, std::__cxx11::basic_string<char> >, false>]	16	static
hashtable_policy.h:1806:5:std::__detail::_Hashtable_base<_Key, _Value, _ExtractKey, _Equal, _H1, _H2, _Hash, _Traits>::_Hashtable_base(const _ExtractKey&, const _H1&, const _H2&, const _Hash&, const _Equal&) [with _Key = app::appState; _Value = std::pair<const app::appState, std::__cxx11::basic_string<char> >; _ExtractKey = std::__detail::_Select1st; _Equal = std::equal_to<app::appState>; _H1 = std::hash<app::appState>; _H2 = std::__detail::_Mod_range_hashing; _Hash = std::__detail::_Default_ranged_hash; _Traits = std::__detail::_Hashtable_traits<false, false, true>]	32	static
move.h:73:5:constexpr _Tp&& std::forward(typename std::remove_reference<_From>::type&) [with _Tp = std::allocator<std::__detail::_Hash_node<std::pair<const app::appState, std::__cxx11::basic_string<char> >, false> >]	16	static
hashtable_policy.h:2023:2:std::__detail::_Hashtable_alloc<_NodeAlloc>::_Hashtable_alloc(_Alloc&&) [with _Alloc = std::allocator<std::__detail::_Hash_node<std::pair<const app::appState, std::__cxx11::basic_string<char> >, false> >; _NodeAlloc = std::allocator<std::__detail::_Hash_node<std::pair<const app::appState, std::__cxx11::basic_string<char> >, false> >]	16	static
hashtable_policy.h:72:5:typename std::iterator_traits<_Iterator>::difference_type std::__detail::__distance_fw(_Iterator, _Iterator, std::forward_iterator_tag) [with _Iterator = const std::pair<const app::appState, std::__cxx11::basic_string<char> >*]	24	static
hashtable_policy.h:2103:5:std::__detail::_Hashtable_alloc<_NodeAlloc>::__node_base** std::__detail::_Hashtable_alloc<_NodeAlloc>::_M_allocate_buckets(std::size_t) [with _NodeAlloc = std::allocator<std::__detail::_Hash_node<std::pair<const app::appState, std::__cxx11::basic_string<char> >, false> >]	40	static
hashtable_policy.h:829:7:std::__detail::_Insert_base<_Key, _Value, _Alloc, _ExtractKey, _Equal, _H1, _H2, _Hash, _RehashPolicy, _Traits>::__hashtable& std::__detail::_Insert_base<_Key, _Value, _Alloc, _ExtractKey, _Equal, _H1, _H2, _Hash, _RehashPolicy, _Traits>::_M_conjure_hashtable() [with _Key = app::appState; _Value = std::pair<const app::appState, std::__cxx11::basic_string<char> >; _Alloc = std::allocator<std::pair<const app::appState, std::__cxx11::basic_string<char> > >; _ExtractKey = std::__detail::_Select1st; _Equal = std::equal_to<app::appState>; _H1 = std::hash<app::appState>; _H2 = std::__detail::_Mod_range_hashing; _Hash = std::__detail::_Default_ranged_hash; _RehashPolicy = std::__detail::_Prime_rehash_policy; _Traits = std::__detail::_Hashtable_traits<false, false, true>]	16	static
hashtable_policy.h:176:7:std::__detail::_AllocNode<_NodeAlloc>::_AllocNode(std::__detail::_AllocNode<_NodeAlloc>::__hashtable_alloc&) [with _NodeAlloc = std::allocator<std::__detail::_Hash_node<std::pair<const app::appState, std::__cxx11::basic_string<char> >, false> >]	16	static
move.h:73:5:constexpr _Tp&& std::forward(typename std::remove_reference<_From>::type&) [with _Tp = const std::pair<const app::appState, std::__cxx11::basic_string<char> >&]	16	static
hashtable.h:1805:7:std::pair<typename std::__detail::_Hashtable_base<_Key, _Value, _ExtractKey, _Equal, _H1, _H2, _Hash, _Traits>::iterator, bool> std::_Hashtable<_Key, _Value, _Alloc, _ExtractKey, _Equal, _H1, _H2, _Hash, _RehashPolicy, _Traits>::_M_insert(_Arg&&, const _NodeGenerator&, std::true_type) [with _Arg = const std::pair<const app::appState, std::__cxx11::basic_string<char> >&; _NodeGenerator = std::__detail::_AllocNode<std::allocator<std::__detail::_Hash_node<std::pair<const app::appState, std::__cxx11::basic_string<char> >, false> > >; _Key = app::appState; _Value = std::pair<const app::appState, std::__cxx11::basic_string<char> >; _Alloc = std::allocator<std::pair<const app::appState, std::__cxx11::basic_string<char> > >; _ExtractKey = std::__detail::_Select1st; _Equal = std::equal_to<app::appState>; _H1 = std::hash<app::appState>; _H2 = std::__detail::_Mod_range_hashing; _Hash = std::__detail::_Default_ranged_hash; _RehashPolicy = std::__detail::_Prime_rehash_policy; _Traits = std::__detail::_Hashtable_traits<false, false, true>]	56	static
hashtable_policy.h:297:7:std::__detail::_Hash_node<_Value, false>* std::__detail::_Hash_node<_Value, false>::_M_next() const [with _Value = std::pair<const app::appState, std::__cxx11::basic_string<char> >]	16	static
hashtable_policy.h:2079:5:void std::__detail::_Hashtable_alloc<_NodeAlloc>::_M_deallocate_node(std::__detail::_Hashtable_alloc<_NodeAlloc>::__node_type*) [with _NodeAlloc = std::allocator<std::__detail::_Hash_node<std::pair<const app::appState, std::__cxx11::basic_string<char> >, false> >]	24	static
hashtable.h:335:7:bool std::_Hashtable<_Key, _Value, _Alloc, _ExtractKey, _Equal, _H1, _H2, _Hash, _RehashPolicy, _Traits>::_M_uses_single_bucket(std::_Hashtable<_Key, _Value, _Alloc, _ExtractKey, _Equal, _H1, _H2, _Hash, _RehashPolicy, _Traits>::__bucket_type*) const [with _Key = app::appState; _Value = std::pair<const app::appState, std::__cxx11::basic_string<char> >; _Alloc = std::allocator<std::pair<const app::appState, std::__cxx11::basic_string<char> > >; _ExtractKey = std::__detail::_Select1st; _Equal = std::equal_to<app::appState>; _H1 = std::hash<app::appState>; _H2 = std::__detail::_Mod_range_hashing; _Hash = std::__detail::_Default_ranged_hash; _RehashPolicy = std::__detail::_Prime_rehash_policy; _Traits = std::__detail::_Hashtable_traits<false, false, true>]	16	static
hashtable_policy.h:2115:5:void std::__detail::_Hashtable_alloc<_NodeAlloc>::_M_deallocate_buckets(std::__detail::_Hashtable_alloc<_NodeAlloc>::__node_base**, std::size_t) [with _NodeAlloc = std::allocator<std::__detail::_Hash_node<std::pair<const app::appState, std::__cxx11::basic_string<char> >, false> >]	32	static
tuple:1308:5:>&) [with unsigned int __i = 0; _Head = app::TApplication*; _Tail = {std::default_delete<app::TApplication>}]	16	static
new_allocator.h:79:7:__gnu_cxx::new_allocator<_Tp>::new_allocator() [with _Tp = std::__detail::_Hash_node<std::pair<const app::appState, std::__cxx11::basic_string<char> >, false>]	16	static
hashtable_policy.h:1273:7:std::__detail::_Hash_code_base<_Key, _Value, _ExtractKey, _H1, _H2, std::__detail::_Default_ranged_hash, false>::_Hash_code_base(const _ExtractKey&, const _H1&, const _H2&, const std::__detail::_Default_ranged_hash&) [with _Key = app::appState; _Value = std::pair<const app::appState, std::__cxx11::basic_string<char> >; _ExtractKey = std::__detail::_Select1st; _H1 = std::hash<app::appState>; _H2 = std::__detail::_Mod_range_hashing]	24	static
move.h:73:5:constexpr _Tp&& std::forward(typename std::remove_reference<_From>::type&) [with _Tp = const std::equal_to<app::appState>&]	16	static
hashtable_policy.h:1090:2:std::__detail::_Hashtable_ebo_helper<_Nm, _Tp, true>::_Hashtable_ebo_helper(_OtherTp&&) [with _OtherTp = const std::equal_to<app::appState>&; int _Nm = 0; _Tp = std::equal_to<app::appState>]	16	static
hashtable_policy.h:1090:2:std::__detail::_Hashtable_ebo_helper<_Nm, _Tp, true>::_Hashtable_ebo_helper(_OtherTp&&) [with _OtherTp = std::allocator<std::__detail::_Hash_node<std::pair<const app::appState, std::__cxx11::basic_string<char> >, false> >; int _Nm = 0; _Tp = std::allocator<std::__detail::_Hash_node<std::pair<const app::appState, std::__cxx11::basic_string<char> >, false> >]	16	static
stl_iterator_base_types.h:205:5:constexpr typename std::iterator_traits<_Iterator>::iterator_category std::__iterator_category(const _Iter&) [with _Iter = const std::pair<const app::appState, std::__cxx11::basic_string<char> >*]	16	static
stl_iterator_base_funcs.h:138:5:typename std::iterator_traits<_Iterator>::difference_type std::distance(_InputIterator, _InputIterator) [with _InputIterator = const std::pair<const app::appState, std::__cxx11::basic_string<char> >*]	32	static
hashtable_policy.h:2028:7:std::__detail::_Hashtable_alloc<_NodeAlloc>::__node_alloc_type& std::__detail::_Hashtable_alloc<_NodeAlloc>::_M_node_allocator() [with _NodeAlloc = std::allocator<std::__detail::_Hash_node<std::pair<const app::appState, std::__cxx11::basic_string<char> >, false> >]	16	static
allocator.h:137:2:std::allocator< <template-parameter-1-1> >::allocator(const std::allocator<_Tp1>&) [with _Tp1 = std::__detail::_Hash_node<std::pair<const app::appState, std::__cxx11::basic_string<char> >, false>; _Tp = std::__detail::_Hash_node_base*]	16	static
allocator.h:139:7:std::allocator< <template-parameter-1-1> >::~allocator() [with _Tp = std::__detail::_Hash_node_base*]	16	static
alloc_traits.h:435:7:static _Tp* std::allocator_traits<std::allocator<_CharT> >::allocate(std::allocator_traits<std::allocator<_CharT> >::allocator_type&, std::allocator_traits<std::allocator<_CharT> >::size_type) [with _Tp = std::__detail::_Hash_node_base*]	16	static
move.h:47:5:constexpr _Tp* std::__addressof(_Tp&) [with _Tp = std::__detail::_Hash_node_base*]	16	static
hashtable_policy.h:1313:7:_ExtractKey& std::__detail::_Hash_code_base<_Key, _Value, _ExtractKey, _H1, _H2, std::__detail::_Default_ranged_hash, false>::_M_extract() [with _Key = app::appState; _Value = std::pair<const app::appState, std::__cxx11::basic_string<char> >; _ExtractKey = std::__detail::_Select1st; _H1 = std::hash<app::appState>; _H2 = std::__detail::_Mod_range_hashing]	16	static
hashtable_policy.h:102:7:decltype (get<0>(forward<_Tp>(__x))) std::__detail::_Select1st::operator()(_Tp&&) const [with _Tp = const std::pair<const app::appState, std::__cxx11::basic_string<char> >&]	16	static
hashtable_policy.h:1279:7:std::__detail::_Hash_code_base<_Key, _Value, _ExtractKey, _H1, _H2, std::__detail::_Default_ranged_hash, false>::__hash_code std::__detail::_Hash_code_base<_Key, _Value, _ExtractKey, _H1, _H2, std::__detail::_Default_ranged_hash, false>::_M_hash_code(const _Key&) const [with _Key = app::appState; _Value = std::pair<const app::appState, std::__cxx11::basic_string<char> >; _ExtractKey = std::__detail::_Select1st; _H1 = std::hash<app::appState>; _H2 = std::__detail::_Mod_range_hashing]	16	static
hashtable.h:630:7:std::_Hashtable<_Key, _Value, _Alloc, _ExtractKey, _Equal, _H1, _H2, _Hash, _RehashPolicy, _Traits>::size_type std::_Hashtable<_Key, _Value, _Alloc, _ExtractKey, _Equal, _H1, _H2, _Hash, _RehashPolicy, _Traits>::_M_bucket_index(const key_type&, std::_Hashtable<_Key, _Value, _Alloc, _ExtractKey, _Equal, _H1, _H2, _Hash, _RehashPolicy, _Traits>::__hash_code) const [with _Key = app::appState; _Value = std::pair<const app::appState, std::__cxx11::basic_string<char> >; _Alloc = std::allocator<std::pair<const app::appState, std::__cxx11::basic_string<char> > >; _ExtractKey = std::__detail::_Select1st; _Equal = std::equal_to<app::appState>; _H1 = std::hash<app::appState>; _H2 = std::__detail::_Mod_range_hashing; _Hash = std::__detail::_Default_ranged_hash; _RehashPolicy = std::__detail::_Prime_rehash_policy; _Traits = std::__detail::_Hashtable_traits<false, false, true>]	24	static
hashtable.h:639:7:std::_Hashtable<_Key, _Value, _Alloc, _ExtractKey, _Equal, _H1, _H2, _Hash, _RehashPolicy, _Traits>::__node_type* std::_Hashtable<_Key, _Value, _Alloc, _ExtractKey, _Equal, _H1, _H2, _Hash, _RehashPolicy, _Traits>::_M_find_node(std::_Hashtable<_Key, _Value, _Alloc, _ExtractKey, _Equal, _H1, _H2, _Hash, _RehashPolicy, _Traits>::size_type, const key_type&, std::_Hashtable<_Key, _Value, _Alloc, _ExtractKey, _Equal, _H1, _H2, _Hash, _RehashPolicy, _Traits>::__hash_code) const [with _Key = app::appState; _Value = std::pair<const app::appState, std::__cxx11::basic_string<char> >; _Alloc = std::allocator<std::pair<const app::appState, std::__cxx11::basic_string<char> > >; _ExtractKey = std::__detail::_Select1st; _Equal = std::equal_to<app::appState>; _H1 = std::hash<app::appState>; _H2 = std::__detail::_Mod_range_hashing; _Hash = std::__detail::_Default_ranged_hash; _RehashPolicy = std::__detail::_Prime_rehash_policy; _Traits = std::__detail::_Hashtable_traits<false, false, true>]	32	static
hashtable_policy.h:355:7:std::__detail::_Node_iterator<_Value, __constant_iterators, __cache>::_Node_iterator(std::__detail::_Node_iterator<_Value, __constant_iterators, __cache>::__node_type*) [with _Value = std::pair<const app::appState, std::__cxx11::basic_string<char> >; bool __constant_iterators = false; bool __cache = false]	16	static
move.h:73:5:constexpr _Tp&& std::forward(typename std::remove_reference<_From>::type&) [with _Tp = std::__detail::_Node_iterator<std::pair<const app::appState, std::__cxx11::basic_string<char> >, false, false>]	16	static
stl_pair.h:519:5:constexpr std::pair<typename std::__decay_and_strip<_Tp>::__type, typename std::__decay_and_strip<_T2>::__type> std::make_pair(_T1&&, _T2&&) [with _T1 = std::__detail::_Node_iterator<std::pair<const app::appState, std::__cxx11::basic_string<char> >, false, false>; _T2 = bool]	32	static
hashtable_policy.h:181:2:std::__detail::_AllocNode<_NodeAlloc>::__node_type* std::__detail::_AllocNode<_NodeAlloc>::operator()(_Arg&&) const [with _Arg = const std::pair<const app::appState, std::__cxx11::basic_string<char> >&; _NodeAlloc = std::allocator<std::__detail::_Hash_node<std::pair<const app::appState, std::__cxx11::basic_string<char> >, false> >]	24	static
move.h:73:5:constexpr _Tp&& std::forward(typename std::remove_reference<_From>::type&) [with _Tp = std::pair<const app::appState, std::__cxx11::basic_string<char> >&]	16	static
hashtable.h:1701:5:std::_Hashtable<_Key, _Value, _Alloc, _ExtractKey, _Equal, _H1, _H2, _Hash, _RehashPolicy, _Traits>::iterator std::_Hashtable<_Key, _Value, _Alloc, _ExtractKey, _Equal, _H1, _H2, _Hash, _RehashPolicy, _Traits>::_M_insert_unique_node(std::_Hashtable<_Key, _Value, _Alloc, _ExtractKey, _Equal, _H1, _H2, _Hash, _RehashPolicy, _Traits>::size_type, std::_Hashtable<_Key, _Value, _Alloc, _ExtractKey, _Equal, _H1, _H2, _Hash, _RehashPolicy, _Traits>::__hash_code, std::_Hashtable<_Key, _Value, _Alloc, _ExtractKey, _Equal, _H1, _H2, _Hash, _RehashPolicy, _Traits>::__node_type*) [with _Key = app::appState; _Value = std::pair<const app::appState, std::__cxx11::basic_string<char> >; _Alloc = std::allocator<std::pair<const app::appState, std::__cxx11::basic_string<char> > >; _ExtractKey = std::__detail::_Select1st; _Equal = std::equal_to<app::appState>; _H1 = std::hash<app::appState>; _H2 = std::__detail::_Mod_range_hashing; _Hash = std::__detail::_Default_ranged_hash; _RehashPolicy = std::__detail::_Prime_rehash_policy; _Traits = std::__detail::_Hashtable_traits<false, false, true>]	64	static
ptr_traits.h:141:7:static _Tp* std::pointer_traits<_Tp*>::pointer_to(std::__make_not_void<_Tp>&) [with _Tp = std::__detail::_Hash_node<std::pair<const app::appState, std::__cxx11::basic_string<char> >, false>]	16	static
allocator.h:137:2:std::allocator< <template-parameter-1-1> >::allocator(const std::allocator<_Tp1>&) [with _Tp1 = std::__detail::_Hash_node<std::pair<const app::appState, std::__cxx11::basic_string<char> >, false>; _Tp = std::pair<const app::appState, std::__cxx11::basic_string<char> >]	16	static
hashtable_policy.h:251:7:_Value* std::__detail::_Hash_node_value_base<_Value>::_M_valptr() [with _Value = std::pair<const app::appState, std::__cxx11::basic_string<char> >]	16	static
alloc_traits.h:486:2:static void std::allocator_traits<std::allocator<_CharT> >::destroy(std::allocator_traits<std::allocator<_CharT> >::allocator_type&, _Up*) [with _Up = std::pair<const app::appState, std::__cxx11::basic_string<char> >; _Tp = std::pair<const app::appState, std::__cxx11::basic_string<char> >]	16	static
alloc_traits.h:461:7:static void std::allocator_traits<std::allocator<_CharT> >::deallocate(std::allocator_traits<std::allocator<_CharT> >::allocator_type&, std::allocator_traits<std::allocator<_CharT> >::pointer, std::allocator_traits<std::allocator<_CharT> >::size_type) [with _Tp = std::__detail::_Hash_node<std::pair<const app::appState, std::__cxx11::basic_string<char> >, false>]	24	static
ptr_traits.h:141:7:static _Tp* std::pointer_traits<_Tp*>::pointer_to(std::__make_not_void<_Tp>&) [with _Tp = std::__detail::_Hash_node_base*]	16	static
alloc_traits.h:461:7:static void std::allocator_traits<std::allocator<_CharT> >::deallocate(std::allocator_traits<std::allocator<_CharT> >::allocator_type&, std::allocator_traits<std::allocator<_CharT> >::pointer, std::allocator_traits<std::allocator<_CharT> >::size_type) [with _Tp = std::__detail::_Hash_node_base*]	24	static
tuple:198:7:>&) [with unsigned int _Idx = 0; _Head = app::TApplication*; _Tail = {std::default_delete<app::TApplication>}]	16	static
move.h:73:5:constexpr _Tp&& std::forward(typename std::remove_reference<_From>::type&) [with _Tp = const std::__detail::_Select1st&]	16	static
hashtable_policy.h:1090:2:std::__detail::_Hashtable_ebo_helper<_Nm, _Tp, true>::_Hashtable_ebo_helper(_OtherTp&&) [with _OtherTp = const std::__detail::_Select1st&; int _Nm = 0; _Tp = std::__detail::_Select1st]	16	static
move.h:73:5:constexpr _Tp&& std::forward(typename std::remove_reference<_From>::type&) [with _Tp = const std::hash<app::appState>&]	16	static
hashtable_policy.h:1090:2:std::__detail::_Hashtable_ebo_helper<_Nm, _Tp, true>::_Hashtable_ebo_helper(_OtherTp&&) [with _OtherTp = const std::hash<app::appState>&; int _Nm = 1; _Tp = std::hash<app::appState>]	16	static
move.h:73:5:constexpr _Tp&& std::forward(typename std::remove_reference<_From>::type&) [with _Tp = const std::__detail::_Mod_range_hashing&]	16	static
hashtable_policy.h:1090:2:std::__detail::_Hashtable_ebo_helper<_Nm, _Tp, true>::_Hashtable_ebo_helper(_OtherTp&&) [with _OtherTp = const std::__detail::_Mod_range_hashing&; int _Nm = 2; _Tp = std::__detail::_Mod_range_hashing]	16	static
allocator.h:133:7:std::allocator< <template-parameter-1-1> >::allocator(const std::allocator< <template-parameter-1-1> >&) [with _Tp = std::__detail::_Hash_node<std::pair<const app::appState, std::__cxx11::basic_string<char> >, false>]	16	static
stl_iterator_base_funcs.h:98:5:constexpr typename std::iterator_traits<_Iterator>::difference_type std::__distance(_RandomAccessIterator, _RandomAccessIterator, std::random_access_iterator_tag) [with _RandomAccessIterator = const std::pair<const app::appState, std::__cxx11::basic_string<char> >*]	24	static
hashtable_policy.h:1099:7:static _Tp& std::__detail::_Hashtable_ebo_helper<_Nm, _Tp, true>::_S_get(std::__detail::_Hashtable_ebo_helper<_Nm, _Tp, true>&) [with int _Nm = 0; _Tp = std::allocator<std::__detail::_Hash_node<std::pair<const app::appState, std::__cxx11::basic_string<char> >, false> >]	16	static
new_allocator.h:79:7:__gnu_cxx::new_allocator<_Tp>::new_allocator() [with _Tp = std::__detail::_Hash_node_base*]	16	static
new_allocator.h:86:7:__gnu_cxx::new_allocator<_Tp>::~new_allocator() [with _Tp = std::__detail::_Hash_node_base*]	16	static
new_allocator.h:99:7:_Tp* __gnu_cxx::new_allocator<_Tp>::allocate(__gnu_cxx::new_allocator<_Tp>::size_type, const void*) [with _Tp = std::__detail::_Hash_node_base*]	24	static
hashtable_policy.h:1099:7:static _Tp& std::__detail::_Hashtable_ebo_helper<_Nm, _Tp, true>::_S_get(std::__detail::_Hashtable_ebo_helper<_Nm, _Tp, true>&) [with int _Nm = 0; _Tp = std::__detail::_Select1st]	16	static
utility:235:5:constexpr const typename std::tuple_element<_Int, std::pair<_Tp1, _Tp2> >::type& std::get(const std::pair<_Tp1, _Tp2>&) [with unsigned int _Int = 0; _Tp1 = const app::appState; _Tp2 = std::__cxx11::basic_string<char>]	16	static
hashtable_policy.h:1316:7:const _H1& std::__detail::_Hash_code_base<_Key, _Value, _ExtractKey, _H1, _H2, std::__detail::_Default_ranged_hash, false>::_M_h1() const [with _Key = app::appState; _Value = std::pair<const app::appState, std::__cxx11::basic_string<char> >; _ExtractKey = std::__detail::_Select1st; _H1 = std::hash<app::appState>; _H2 = std::__detail::_Mod_range_hashing]	16	static
functional_hash.h:91:7:std::size_t std::__hash_enum<_Tp, true>::operator()(_Tp) const [with _Tp = app::appState]	24	static
hashtable_policy.h:1283:7:std::size_t std::__detail::_Hash_code_base<_Key, _Value, _ExtractKey, _H1, _H2, std::__detail::_Default_ranged_hash, false>::_M_bucket_index(const _Key&, std::__detail::_Hash_code_base<_Key, _Value, _ExtractKey, _H1, _H2, std::__detail::_Default_ranged_hash, false>::__hash_code, std::size_t) const [with _Key = app::appState; _Value = std::pair<const app::appState, std::__cxx11::basic_string<char> >; _ExtractKey = std::__detail::_Select1st; _H1 = std::hash<app::appState>; _H2 = std::__detail::_Mod_range_hashing]	24	static
hashtable.h:1535:5:std::_Hashtable<_Key, _Value, _Alloc, _ExtractKey, _Equal, _H1, _H2, _Hash, _RehashPolicy, _Traits>::__node_base* std::_Hashtable<_Key, _Value, _Alloc, _ExtractKey, _Equal, _H1, _H2, _Hash, _RehashPolicy, _Traits>::_M_find_before_node(std::_Hashtable<_Key, _Value, _Alloc, _ExtractKey, _Equal, _H1, _H2, _Hash, _RehashPolicy, _Traits>::size_type, const key_type&, std::_Hashtable<_Key, _Value, _Alloc, _ExtractKey, _Equal, _H1, _H2, _Hash, _RehashPolicy, _Traits>::__hash_code) const [with _Key = app::appState; _Value = std::pair<const app::appState, std::__cxx11::basic_string<char> >; _Alloc = std::allocator<std::pair<const app::appState, std::__cxx11::basic_string<char> > >; _ExtractKey = std::__detail::_Select1st; _Equal = std::equal_to<app::appState>; _H1 = std::hash<app::appState>; _H2 = std::__detail::_Mod_range_hashing; _Hash = std::__detail::_Default_ranged_hash; _RehashPolicy = std::__detail::_Prime_rehash_policy; _Traits = std::__detail::_Hashtable_traits<false, false, true>]	32	static
hashtable_policy.h:309:7:std::__detail::_Node_iterator_base<_Value, _Cache_hash_code>::_Node_iterator_base(std::__detail::_Node_iterator_base<_Value, _Cache_hash_code>::__node_type*) [with _Value = std::pair<const app::appState, std::__cxx11::basic_string<char> >; bool _Cache_hash_code = false]	16	static
stl_pair.h:330:12:constexpr std::pair<_T1, _T2>::pair(_U1&&, _U2&&) [with _U1 = std::__detail::_Node_iterator<std::pair<const app::appState, std::__cxx11::basic_string<char> >, false, false>; _U2 = bool; typename std::enable_if<(std::_PCC<true, _T1, _T2>::_MoveConstructiblePair<_U1, _U2>() && std::_PCC<true, _T1, _T2>::_ImplicitlyMoveConvertiblePair<_U1, _U2>()), bool>::type <anonymous> = 1; _T1 = std::__detail::_Node_iterator<std::pair<const app::appState, std::__cxx11::basic_string<char> >, false, false>; _T2 = bool]	24	static
hashtable_policy.h:244:12:std::__detail::_Hash_node_value_base<std::pair<const app::appState, std::__cxx11::basic_string<char> > >::_Hash_node_value_base()	16	static
hashtable_policy.h:294:12:std::__detail::_Hash_node<std::pair<const app::appState, std::__cxx11::basic_string<char> >, false>::_Hash_node()	16	static
hashtable_policy.h:2058:7:) [with _Args = {const std::pair<const app::appState, std::__cxx11::basic_string<char, std::char_traits<char>, std::allocator<char> > >&}; _NodeAlloc = std::allocator<std::__detail::_Hash_node<std::pair<const app::appState, std::__cxx11::basic_string<char> >, false> >]	40	static
hashtable.h:2062:5:void std::_Hashtable<_Key, _Value, _Alloc, _ExtractKey, _Equal, _H1, _H2, _Hash, _RehashPolicy, _Traits>::_M_rehash(std::_Hashtable<_Key, _Value, _Alloc, _ExtractKey, _Equal, _H1, _H2, _Hash, _RehashPolicy, _Traits>::size_type, const __rehash_state&) [with _Key = app::appState; _Value = std::pair<const app::appState, std::__cxx11::basic_string<char> >; _Alloc = std::allocator<std::pair<const app::appState, std::__cxx11::basic_string<char> > >; _ExtractKey = std::__detail::_Select1st; _Equal = std::equal_to<app::appState>; _H1 = std::hash<app::appState>; _H2 = std::__detail::_Mod_range_hashing; _Hash = std::__detail::_Default_ranged_hash; _RehashPolicy = std::__detail::_Prime_rehash_policy; _Traits = std::__detail::_Hashtable_traits<false, false, true>]	32	static
hashtable_policy.h:259:7:_Value& std::__detail::_Hash_node_value_base<_Value>::_M_v() [with _Value = std::pair<const app::appState, std::__cxx11::basic_string<char> >]	16	static
hashtable_policy.h:102:7:decltype (get<0>(forward<_Tp>(__x))) std::__detail::_Select1st::operator()(_Tp&&) const [with _Tp = std::pair<const app::appState, std::__cxx11::basic_string<char> >&]	16	static
hashtable_policy.h:1294:7:void std::__detail::_Hash_code_base<_Key, _Value, _ExtractKey, _H1, _H2, std::__detail::_Default_ranged_hash, false>::_M_store_code(std::__detail::_Hash_code_base<_Key, _Value, _ExtractKey, _H1, _H2, std::__detail::_Default_ranged_hash, false>::__node_type*, std::__detail::_Hash_code_base<_Key, _Value, _ExtractKey, _H1, _H2, std::__detail::_Default_ranged_hash, false>::__hash_code) const [with _Key = app::appState; _Value = std::pair<const app::appState, std::__cxx11::basic_string<char> >; _ExtractKey = std::__detail::_Select1st; _H1 = std::hash<app::appState>; _H2 = std::__detail::_Mod_range_hashing]	24	static
hashtable.h:1563:5:void std::_Hashtable<_Key, _Value, _Alloc, _ExtractKey, _Equal, _H1, _H2, _Hash, _RehashPolicy, _Traits>::_M_insert_bucket_begin(std::_Hashtable<_Key, _Value, _Alloc, _ExtractKey, _Equal, _H1, _H2, _Hash, _RehashPolicy, _Traits>::size_type, std::_Hashtable<_Key, _Value, _Alloc, _ExtractKey, _Equal, _H1, _H2, _Hash, _RehashPolicy, _Traits>::__node_type*) [with _Key = app::appState; _Value = std::pair<const app::appState, std::__cxx11::basic_string<char> >; _Alloc = std::allocator<std::pair<const app::appState, std::__cxx11::basic_string<char> > >; _ExtractKey = std::__detail::_Select1st; _Equal = std::equal_to<app::appState>; _H1 = std::hash<app::appState>; _H2 = std::__detail::_Mod_range_hashing; _Hash = std::__detail::_Default_ranged_hash; _RehashPolicy = std::__detail::_Prime_rehash_policy; _Traits = std::__detail::_Hashtable_traits<false, false, true>]	32	static
move.h:137:5:_Tp* std::addressof(_Tp&) [with _Tp = std::__detail::_Hash_node<std::pair<const app::appState, std::__cxx11::basic_string<char> >, false>]	16	static
aligned_buffer.h:109:7:_Tp* __gnu_cxx::__aligned_buffer<_Tp>::_M_ptr() [with _Tp = std::pair<const app::appState, std::__cxx11::basic_string<char> >]	16	static
new_allocator.h:140:2:void __gnu_cxx::new_allocator<_Tp>::destroy(_Up*) [with _Up = std::pair<const app::appState, std::__cxx11::basic_string<char> >; _Tp = std::pair<const app::appState, std::__cxx11::basic_string<char> >]	16	static
new_allocator.h:116:7:void __gnu_cxx::new_allocator<_Tp>::deallocate(__gnu_cxx::new_allocator<_Tp>::pointer, __gnu_cxx::new_allocator<_Tp>::size_type) [with _Tp = std::__detail::_Hash_node<std::pair<const app::appState, std::__cxx11::basic_string<char> >, false>]	24	static
move.h:137:5:_Tp* std::addressof(_Tp&) [with _Tp = std::__detail::_Hash_node_base*]	16	static
new_allocator.h:116:7:void __gnu_cxx::new_allocator<_Tp>::deallocate(__gnu_cxx::new_allocator<_Tp>::pointer, __gnu_cxx::new_allocator<_Tp>::size_type) [with _Tp = std::__detail::_Hash_node_base*]	24	static
tuple:163:7:static constexpr const _Head& std::_Head_base<_Idx, _Head, false>::_M_head(const std::_Head_base<_Idx, _Head, false>&) [with unsigned int _Idx = 0; _Head = app::TApplication*]	16	static
new_allocator.h:81:7:__gnu_cxx::new_allocator<_Tp>::new_allocator(const __gnu_cxx::new_allocator<_Tp>&) [with _Tp = std::__detail::_Hash_node<std::pair<const app::appState, std::__cxx11::basic_string<char> >, false>]	16	static
new_allocator.h:129:7:__gnu_cxx::new_allocator<_Tp>::size_type __gnu_cxx::new_allocator<_Tp>::max_size() const [with _Tp = std::__detail::_Hash_node_base*]	16	static
utility:200:9:static constexpr const _Tp1& std::__pair_get<0>::__const_get(const std::pair<_T1, _T2>&) [with _Tp1 = const app::appState; _Tp2 = std::__cxx11::basic_string<char>]	16	static
hashtable_policy.h:1095:7:static const _Tp& std::__detail::_Hashtable_ebo_helper<_Nm, _Tp, true>::_S_cget(const std::__detail::_Hashtable_ebo_helper<_Nm, _Tp, true>&) [with int _Nm = 1; _Tp = std::hash<app::appState>]	16	static
hashtable_policy.h:1322:7:const _H2& std::__detail::_Hash_code_base<_Key, _Value, _ExtractKey, _H1, _H2, std::__detail::_Default_ranged_hash, false>::_M_h2() const [with _Key = app::appState; _Value = std::pair<const app::appState, std::__cxx11::basic_string<char> >; _ExtractKey = std::__detail::_Select1st; _H1 = std::hash<app::appState>; _H2 = std::__detail::_Mod_range_hashing]	16	static
hashtable_policy.h:1812:5:bool std::__detail::_Hashtable_base<_Key, _Value, _ExtractKey, _Equal, _H1, _H2, _Hash, _Traits>::_M_equals(const _Key&, std::__detail::_Hashtable_base<_Key, _Value, _ExtractKey, _Equal, _H1, _H2, _Hash, _Traits>::__hash_code, std::__detail::_Hashtable_base<_Key, _Value, _ExtractKey, _Equal, _H1, _H2, _Hash, _Traits>::__node_type*) const [with _Key = app::appState; _Value = std::pair<const app::appState, std::__cxx11::basic_string<char> >; _ExtractKey = std::__detail::_Select1st; _Equal = std::equal_to<app::appState>; _H1 = std::hash<app::appState>; _H2 = std::__detail::_Mod_range_hashing; _Hash = std::__detail::_Default_ranged_hash; _Traits = std::__detail::_Hashtable_traits<false, false, true>]	40	static
hashtable.h:626:7:std::_Hashtable<_Key, _Value, _Alloc, _ExtractKey, _Equal, _H1, _H2, _Hash, _RehashPolicy, _Traits>::size_type std::_Hashtable<_Key, _Value, _Alloc, _ExtractKey, _Equal, _H1, _H2, _Hash, _RehashPolicy, _Traits>::_M_bucket_index(std::_Hashtable<_Key, _Value, _Alloc, _ExtractKey, _Equal, _H1, _H2, _Hash, _RehashPolicy, _Traits>::__node_type*) const [with _Key = app::appState; _Value = std::pair<const app::appState, std::__cxx11::basic_string<char> >; _Alloc = std::allocator<std::pair<const app::appState, std::__cxx11::basic_string<char> > >; _ExtractKey = std::__detail::_Select1st; _Equal = std::equal_to<app::appState>; _H1 = std::hash<app::appState>; _H2 = std::__detail::_Mod_range_hashing; _Hash = std::__detail::_Default_ranged_hash; _RehashPolicy = std::__detail::_Prime_rehash_policy; _Traits = std::__detail::_Hashtable_traits<false, false, true>]	16	static
alloc_traits.h:435:7:static _Tp* std::allocator_traits<std::allocator<_CharT> >::allocate(std::allocator_traits<std::allocator<_CharT> >::allocator_type&, std::allocator_traits<std::allocator<_CharT> >::size_type) [with _Tp = std::__detail::_Hash_node<std::pair<const app::appState, std::__cxx11::basic_string<char> >, false>]	16	static
move.h:47:5:constexpr _Tp* std::__addressof(_Tp&) [with _Tp = std::__detail::_Hash_node<std::pair<const app::appState, std::__cxx11::basic_string<char> >, false>]	16	static
alloc_traits.h:474:2:) [with _Up = std::pair<const app::appState, std::__cxx11::basic_string<char> >; _Args = {const std::pair<const app::appState, std::__cxx11::basic_string<char, std::char_traits<char>, std::allocator<char> > >&}; _Tp = std::pair<const app::appState, std::__cxx11::basic_string<char> >]	24	static
hashtable.h:2085:5:void std::_Hashtable<_Key, _Value, _Alloc, _ExtractKey, _Equal, _H1, _H2, _Hash, _RehashPolicy, _Traits>::_M_rehash_aux(std::_Hashtable<_Key, _Value, _Alloc, _ExtractKey, _Equal, _H1, _H2, _Hash, _RehashPolicy, _Traits>::size_type, std::true_type) [with _Key = app::appState; _Value = std::pair<const app::appState, std::__cxx11::basic_string<char> >; _Alloc = std::allocator<std::pair<const app::appState, std::__cxx11::basic_string<char> > >; _ExtractKey = std::__detail::_Select1st; _Equal = std::equal_to<app::appState>; _H1 = std::hash<app::appState>; _H2 = std::__detail::_Mod_range_hashing; _Hash = std::__detail::_Default_ranged_hash; _RehashPolicy = std::__detail::_Prime_rehash_policy; _Traits = std::__detail::_Hashtable_traits<false, false, true>]	48	static
utility:225:5:constexpr typename std::tuple_element<_Int, std::pair<_Tp1, _Tp2> >::type& std::get(std::pair<_Tp1, _Tp2>&) [with unsigned int _Int = 0; _Tp1 = const app::appState; _Tp2 = std::__cxx11::basic_string<char>]	16	static
aligned_buffer.h:97:7:void* __gnu_cxx::__aligned_buffer<_Tp>::_M_addr() [with _Tp = std::pair<const app::appState, std::__cxx11::basic_string<char> >]	16	static
hashtable_policy.h:1095:7:static const _Tp& std::__detail::_Hashtable_ebo_helper<_Nm, _Tp, true>::_S_cget(const std::__detail::_Hashtable_ebo_helper<_Nm, _Tp, true>&) [with int _Nm = 2; _Tp = std::__detail::_Mod_range_hashing]	16	static
hashtable_policy.h:1442:5:static bool std::__detail::_Equal_helper<_Key, _Value, _ExtractKey, _Equal, _HashCodeType, false>::_S_equals(const _Equal&, const _ExtractKey&, const _Key&, _HashCodeType, std::__detail::_Hash_node<_Value, false>*) [with _Key = app::appState; _Value = std::pair<const app::appState, std::__cxx11::basic_string<char> >; _ExtractKey = std::__detail::_Select1st; _Equal = std::equal_to<app::appState>; _HashCodeType = unsigned int]	24	static
hashtable_policy.h:1826:5:const _Equal& std::__detail::_Hashtable_base<_Key, _Value, _ExtractKey, _Equal, _H1, _H2, _Hash, _Traits>::_M_eq() const [with _Key = app::appState; _Value = std::pair<const app::appState, std::__cxx11::basic_string<char> >; _ExtractKey = std::__detail::_Select1st; _Equal = std::equal_to<app::appState>; _H1 = std::hash<app::appState>; _H2 = std::__detail::_Mod_range_hashing; _Hash = std::__detail::_Default_ranged_hash; _Traits = std::__detail::_Hashtable_traits<false, false, true>]	16	static
hashtable_policy.h:1310:7:const _ExtractKey& std::__detail::_Hash_code_base<_Key, _Value, _ExtractKey, _H1, _H2, std::__detail::_Default_ranged_hash, false>::_M_extract() const [with _Key = app::appState; _Value = std::pair<const app::appState, std::__cxx11::basic_string<char> >; _ExtractKey = std::__detail::_Select1st; _H1 = std::hash<app::appState>; _H2 = std::__detail::_Mod_range_hashing]	16	static
hashtable_policy.h:1287:7:std::size_t std::__detail::_Hash_code_base<_Key, _Value, _ExtractKey, _H1, _H2, std::__detail::_Default_ranged_hash, false>::_M_bucket_index(const __node_type*, std::size_t) const [with _Key = app::appState; _Value = std::pair<const app::appState, std::__cxx11::basic_string<char> >; _ExtractKey = std::__detail::_Select1st; _H1 = std::hash<app::appState>; _H2 = std::__detail::_Mod_range_hashing]	40	static
new_allocator.h:99:7:_Tp* __gnu_cxx::new_allocator<_Tp>::allocate(__gnu_cxx::new_allocator<_Tp>::size_type, const void*) [with _Tp = std::__detail::_Hash_node<std::pair<const app::appState, std::__cxx11::basic_string<char> >, false>]	24	static
stl_pair.h:292:17:std::pair<_T1, _T2>::pair(const std::pair<_T1, _T2>&) [with _T1 = const app::appState; _T2 = std::__cxx11::basic_string<char>]	16	static
new_allocator.h:135:2:) [with _Up = std::pair<const app::appState, std::__cxx11::basic_string<char> >; _Args = {const std::pair<const app::appState, std::__cxx11::basic_string<char, std::char_traits<char>, std::allocator<char> > >&}; _Tp = std::pair<const app::appState, std::__cxx11::basic_string<char> >]	32	static
utility:190:9:static constexpr _Tp1& std::__pair_get<0>::__get(std::pair<_T1, _T2>&) [with _Tp1 = const app::appState; _Tp2 = std::__cxx11::basic_string<char>]	16	static
stl_function.h:355:7:constexpr bool std::equal_to<_Tp>::operator()(const _Tp&, const _Tp&) const [with _Tp = app::appState]	24	static
hashtable_policy.h:1095:7:static const _Tp& std::__detail::_Hashtable_ebo_helper<_Nm, _Tp, true>::_S_cget(const std::__detail::_Hashtable_ebo_helper<_Nm, _Tp, true>&) [with int _Nm = 0; _Tp = std::equal_to<app::appState>]	16	static
hashtable_policy.h:1095:7:static const _Tp& std::__detail::_Hashtable_ebo_helper<_Nm, _Tp, true>::_S_cget(const std::__detail::_Hashtable_ebo_helper<_Nm, _Tp, true>&) [with int _Nm = 0; _Tp = std::__detail::_Select1st]	16	static
hashtable_policy.h:263:7:const _Value& std::__detail::_Hash_node_value_base<_Value>::_M_v() const [with _Value = std::pair<const app::appState, std::__cxx11::basic_string<char> >]	16	static
new_allocator.h:129:7:__gnu_cxx::new_allocator<_Tp>::size_type __gnu_cxx::new_allocator<_Tp>::max_size() const [with _Tp = std::__detail::_Hash_node<std::pair<const app::appState, std::__cxx11::basic_string<char> >, false>]	16	static
hashtable_policy.h:255:7:const _Value* std::__detail::_Hash_node_value_base<_Value>::_M_valptr() const [with _Value = std::pair<const app::appState, std::__cxx11::basic_string<char> >]	16	static
aligned_buffer.h:113:7:const _Tp* __gnu_cxx::__aligned_buffer<_Tp>::_M_ptr() const [with _Tp = std::pair<const app::appState, std::__cxx11::basic_string<char> >]	16	static
aligned_buffer.h:103:7:const void* __gnu_cxx::__aligned_buffer<_Tp>::_M_addr() const [with _Tp = std::pair<const app::appState, std::__cxx11::basic_string<char> >]	16	static
unordered_map.h:101:11:std::unordered_map<app::appState, std::__cxx11::basic_string<char> >::~unordered_map()	16	static
TPhoto.cpp:75:1:void __static_initialization_and_destruction_0(int, int)	792	static
TPhoto.cpp:75:1:cpp)	8	static
TPhoto.cpp:75:1:cpp)	8	static
