TButton.hpp:33:10:app::TButton::~TButton()	0	static
TButton.hpp:33:10:virtual app::TButton::~TButton()	8	static
unique_ptr.h:72:7:void std::default_delete<_Tp>::operator()(_Tp*) const [with _Tp = unit::TTag]	0	static
unique_ptr.h:72:7:void std::default_delete<_Tp>::operator()(_Tp*) const [with _Tp = unit::TPhoto]	0	static
unique_ptr.h:72:7:void std::default_delete<_Tp>::operator()(_Tp*) const [with _Tp = unit::TBq25121]	0	static
unique_ptr.h:72:7:void std::default_delete<_Tp>::operator()(_Tp*) const [with _Tp = unit::TI2C]	0	static
basic_string.h:509:7:std::__cxx11::basic_string<_CharT, _Traits, _Alloc>::basic_string(const _CharT*, const _Alloc&) [with _CharT = char; _Traits = std::char_traits<char>; _Alloc = std::allocator<char>]	24	static
hashtable_policy.h:2103:5:std::__detail::_Hashtable_alloc<_NodeAlloc>::__node_base** std::__detail::_Hashtable_alloc<_NodeAlloc>::_M_allocate_buckets(std::size_t) [with _NodeAlloc = std::allocator<std::__detail::_Hash_node<std::pair<const app::appState, std::__cxx11::basic_string<char> >, false> >]	8	static
hashtable.h:1535:5:std::_Hashtable<_Key, _Value, _Alloc, _ExtractKey, _Equal, _H1, _H2, _Hash, _RehashPolicy, _Traits>::__node_base* std::_Hashtable<_Key, _Value, _Alloc, _ExtractKey, _Equal, _H1, _H2, _Hash, _RehashPolicy, _Traits>::_M_find_before_node(std::_Hashtable<_Key, _Value, _Alloc, _ExtractKey, _Equal, _H1, _H2, _Hash, _RehashPolicy, _Traits>::size_type, const key_type&, std::_Hashtable<_Key, _Value, _Alloc, _ExtractKey, _Equal, _H1, _H2, _Hash, _RehashPolicy, _Traits>::__hash_code) const [with _Key = app::appState; _Value = std::pair<const app::appState, std::__cxx11::basic_string<char> >; _Alloc = std::allocator<std::pair<const app::appState, std::__cxx11::basic_string<char> > >; _ExtractKey = std::__detail::_Select1st; _Equal = std::equal_to<app::appState>; _H1 = std::hash<app::appState>; _H2 = std::__detail::_Mod_range_hashing; _Hash = std::__detail::_Default_ranged_hash; _RehashPolicy = std::__detail::_Prime_rehash_policy; _Traits = std::__detail::_Hashtable_traits<false, false, true>]	20	static
array:94:12:std::array<app::TButton, 4>::~array()	16	static
TApplication.cpp:44:6:void app::TApplication::checkUnits()	0	static
TApplication.cpp:265:37:std::pair<app::appState, long unsigned int> app::TApplication::getState()	16	static
TApplication.cpp:329:6:void app::TApplication::makeInfoGpio(app::typeInfo, GPIO_PinState)	16	static
TApplication.cpp:278:6:void app::TApplication::makeInfo(app::typeInfo, app::typeSound, uint32_t)	24	static
TApplication.cpp:363:6:void app::TApplication::debugMesage(const uint8_t*, std::size_t)	16	static
TApplication.cpp:353:6:void app::TApplication::debugMesage(const char*, std::size_t)	0	static
TApplication.cpp:339:6:void app::TApplication::debugMesage(const string&)	48	static
TApplication.cpp:247:6:bool app::TApplication::setState(app::appState)	24	static
TApplication.cpp:379:6:void app::TApplication::debugMesage(app::appState)	48	static
TApplication.cpp:371:6:void app::TApplication::debugMesage()	0	static
TApplication.cpp:386:6:void app::TApplication::startBounce()	16	static
TApplication.cpp:394:6:void app::TApplication::checkBounce()	24	static
TApplication.cpp:418:6:void app::TApplication::writePhoto()	0	static
string_conversions.h:99:5:) [with _String = std::__cxx11::basic_string<char>; _CharT = char]	36	dynamic
basic_string.h:6405:3:std::__cxx11::string std::__cxx11::to_string(int)	16	static
unique_ptr.h:264:7:std::unique_ptr<_Tp, _Dp>::~unique_ptr() [with _Tp = unit::TFileSystem; _Dp = std::default_delete<unit::TFileSystem>]	8	static
unique_ptr.h:264:7:std::unique_ptr<_Tp, _Dp>::~unique_ptr() [with _Tp = unit::TAudio; _Dp = std::default_delete<unit::TAudio>]	8	static
unique_ptr.h:264:7:std::unique_ptr<_Tp, _Dp>::~unique_ptr() [with _Tp = unit::TSdio; _Dp = std::default_delete<unit::TSdio>]	8	static
TApplication.cpp:24:1:app::TApplication::TApplication()	16	static
TApplication.cpp:35:1:app::TApplication::~TApplication()	8	static
TApplication.cpp:35:1:virtual app::TApplication::~TApplication()	8	static
unique_ptr.h:824:5:) [with _Tp = unit::TSdio; _Args = {}]	16	static
unique_ptr.h:281:7:std::unique_ptr<_Tp, _Dp>& std::unique_ptr<_Tp, _Dp>::operator=(std::unique_ptr<_Tp, _Dp>&&) [with _Tp = unit::TSdio; _Dp = std::default_delete<unit::TSdio>]	8	static
unique_ptr.h:824:5:) [with _Tp = unit::TFileSystem; _Args = {}]	16	static
unique_ptr.h:281:7:std::unique_ptr<_Tp, _Dp>& std::unique_ptr<_Tp, _Dp>::operator=(std::unique_ptr<_Tp, _Dp>&&) [with _Tp = unit::TFileSystem; _Dp = std::default_delete<unit::TFileSystem>]	8	static
basic_string.h:5956:5:std::__cxx11::basic_string<_CharT, _Traits, _Alloc> std::operator+(std::__cxx11::basic_string<_CharT, _Traits, _Alloc>&&, std::__cxx11::basic_string<_CharT, _Traits, _Alloc>&&) [with _CharT = char; _Traits = std::char_traits<char>; _Alloc = std::allocator<char>]	16	static
TApplication.cpp:406:13:std::__cxx11::string app::TApplication::getMessageTime()	400	static
TApplication.cpp:60:6:void app::TApplication::stateManager()	80	static
hashtable.h:1351:5:std::_Hashtable<_Key, _Value, _Alloc, _ExtractKey, _Equal, _H1, _H2, _Hash, _RehashPolicy, _Traits>::~_Hashtable() [with _Key = app::appState; _Value = std::pair<const app::appState, std::__cxx11::basic_string<char> >; _Alloc = std::allocator<std::pair<const app::appState, std::__cxx11::basic_string<char> > >; _ExtractKey = std::__detail::_Select1st; _Equal = std::equal_to<app::appState>; _H1 = std::hash<app::appState>; _H2 = std::__detail::_Mod_range_hashing; _Hash = std::__detail::_Default_ranged_hash; _RehashPolicy = std::__detail::_Prime_rehash_policy; _Traits = std::__detail::_Hashtable_traits<false, false, true>]	16	static
hashtable.h:2062:5:void std::_Hashtable<_Key, _Value, _Alloc, _ExtractKey, _Equal, _H1, _H2, _Hash, _RehashPolicy, _Traits>::_M_rehash(std::_Hashtable<_Key, _Value, _Alloc, _ExtractKey, _Equal, _H1, _H2, _Hash, _RehashPolicy, _Traits>::size_type, const __rehash_state&) [with _Key = app::appState; _Value = std::pair<const app::appState, std::__cxx11::basic_string<char> >; _Alloc = std::allocator<std::pair<const app::appState, std::__cxx11::basic_string<char> > >; _ExtractKey = std::__detail::_Select1st; _Equal = std::equal_to<app::appState>; _H1 = std::hash<app::appState>; _H2 = std::__detail::_Mod_range_hashing; _Hash = std::__detail::_Default_ranged_hash; _RehashPolicy = std::__detail::_Prime_rehash_policy; _Traits = std::__detail::_Hashtable_traits<false, false, true>]	24	static
hashtable.h:1701:5:std::_Hashtable<_Key, _Value, _Alloc, _ExtractKey, _Equal, _H1, _H2, _Hash, _RehashPolicy, _Traits>::iterator std::_Hashtable<_Key, _Value, _Alloc, _ExtractKey, _Equal, _H1, _H2, _Hash, _RehashPolicy, _Traits>::_M_insert_unique_node(std::_Hashtable<_Key, _Value, _Alloc, _ExtractKey, _Equal, _H1, _H2, _Hash, _RehashPolicy, _Traits>::size_type, std::_Hashtable<_Key, _Value, _Alloc, _ExtractKey, _Equal, _H1, _H2, _Hash, _RehashPolicy, _Traits>::__hash_code, std::_Hashtable<_Key, _Value, _Alloc, _ExtractKey, _Equal, _H1, _H2, _Hash, _RehashPolicy, _Traits>::__node_type*) [with _Key = app::appState; _Value = std::pair<const app::appState, std::__cxx11::basic_string<char> >; _Alloc = std::allocator<std::pair<const app::appState, std::__cxx11::basic_string<char> > >; _ExtractKey = std::__detail::_Select1st; _Equal = std::equal_to<app::appState>; _H1 = std::hash<app::appState>; _H2 = std::__detail::_Mod_range_hashing; _Hash = std::__detail::_Default_ranged_hash; _RehashPolicy = std::__detail::_Prime_rehash_policy; _Traits = std::__detail::_Hashtable_traits<false, false, true>]	48	static
TApplication.cpp:423:1:void __static_initialization_and_destruction_0(int, int)	760	static
TApplication.cpp:423:1:cpp)	0	static
TApplication.cpp:423:1:cpp)	0	static
