ios_base.h:991:3:std::ios_base& std::internal(std::ios_base&)	0	static
ios_base.h:1016:3:std::ios_base& std::dec(std::ios_base&)	0	static
ios_base.h:1024:3:std::ios_base& std::hex(std::ios_base&)	0	static
TFileSystem.hpp:32:7:virtual void unit::TFileSystem::init()	0	static
TFileSystem.hpp:33:7:virtual void unit::TFileSystem::sleep()	0	static
TFileSystem.hpp:34:7:virtual void unit::TFileSystem::wakeup()	0	static
TFileSystem.hpp:35:7:virtual bool unit::TFileSystem::process()	0	static
TFileSystem.cpp:44:6:virtual bool unit::TFileSystem::check()	0	static
basic_string.h:509:7:std::__cxx11::basic_string<_CharT, _Traits, _Alloc>::basic_string(const _CharT*, const _Alloc&) [with _CharT = char; _Traits = std::char_traits<char>; _Alloc = std::allocator<char>]	24	static
TFileSystem.cpp:35:1:unit::TFileSystem::~TFileSystem()	40	static
TFileSystem.cpp:35:1:virtual unit::TFileSystem::~TFileSystem()	8	static
hashtable_policy.h:2103:5:std::__detail::_Hashtable_alloc<_NodeAlloc>::__node_base** std::__detail::_Hashtable_alloc<_NodeAlloc>::_M_allocate_buckets(std::size_t) [with _NodeAlloc = std::allocator<std::__detail::_Hash_node<std::pair<const app::appState, std::__cxx11::basic_string<char> >, false> >]	8	static
TFileSystem.cpp:26:1:unit::TFileSystem::TFileSystem()	40	static
TFileSystem.cpp:51:6:void unit::TFileSystem::getTime()	904	static
TFileSystem.cpp:99:6:void unit::TFileSystem::setTag()	632	static
TFileSystem.cpp:147:6:bool unit::TFileSystem::writePhoto()	848	static
hashtable.h:1351:5:std::_Hashtable<_Key, _Value, _Alloc, _ExtractKey, _Equal, _H1, _H2, _Hash, _RehashPolicy, _Traits>::~_Hashtable() [with _Key = app::appState; _Value = std::pair<const app::appState, std::__cxx11::basic_string<char> >; _Alloc = std::allocator<std::pair<const app::appState, std::__cxx11::basic_string<char> > >; _ExtractKey = std::__detail::_Select1st; _Equal = std::equal_to<app::appState>; _H1 = std::hash<app::appState>; _H2 = std::__detail::_Mod_range_hashing; _Hash = std::__detail::_Default_ranged_hash; _RehashPolicy = std::__detail::_Prime_rehash_policy; _Traits = std::__detail::_Hashtable_traits<false, false, true>]	16	static
hashtable.h:2062:5:void std::_Hashtable<_Key, _Value, _Alloc, _ExtractKey, _Equal, _H1, _H2, _Hash, _RehashPolicy, _Traits>::_M_rehash(std::_Hashtable<_Key, _Value, _Alloc, _ExtractKey, _Equal, _H1, _H2, _Hash, _RehashPolicy, _Traits>::size_type, const __rehash_state&) [with _Key = app::appState; _Value = std::pair<const app::appState, std::__cxx11::basic_string<char> >; _Alloc = std::allocator<std::pair<const app::appState, std::__cxx11::basic_string<char> > >; _ExtractKey = std::__detail::_Select1st; _Equal = std::equal_to<app::appState>; _H1 = std::hash<app::appState>; _H2 = std::__detail::_Mod_range_hashing; _Hash = std::__detail::_Default_ranged_hash; _RehashPolicy = std::__detail::_Prime_rehash_policy; _Traits = std::__detail::_Hashtable_traits<false, false, true>]	24	static
hashtable.h:1701:5:std::_Hashtable<_Key, _Value, _Alloc, _ExtractKey, _Equal, _H1, _H2, _Hash, _RehashPolicy, _Traits>::iterator std::_Hashtable<_Key, _Value, _Alloc, _ExtractKey, _Equal, _H1, _H2, _Hash, _RehashPolicy, _Traits>::_M_insert_unique_node(std::_Hashtable<_Key, _Value, _Alloc, _ExtractKey, _Equal, _H1, _H2, _Hash, _RehashPolicy, _Traits>::size_type, std::_Hashtable<_Key, _Value, _Alloc, _ExtractKey, _Equal, _H1, _H2, _Hash, _RehashPolicy, _Traits>::__hash_code, std::_Hashtable<_Key, _Value, _Alloc, _ExtractKey, _Equal, _H1, _H2, _Hash, _RehashPolicy, _Traits>::__node_type*) [with _Key = app::appState; _Value = std::pair<const app::appState, std::__cxx11::basic_string<char> >; _Alloc = std::allocator<std::pair<const app::appState, std::__cxx11::basic_string<char> > >; _ExtractKey = std::__detail::_Select1st; _Equal = std::equal_to<app::appState>; _H1 = std::hash<app::appState>; _H2 = std::__detail::_Mod_range_hashing; _Hash = std::__detail::_Default_ranged_hash; _RehashPolicy = std::__detail::_Prime_rehash_policy; _Traits = std::__detail::_Hashtable_traits<false, false, true>]	48	static
hashtable.h:955:7:std::_Hashtable<_Key, _Value, _Alloc, _ExtractKey, _Equal, _H1, _H2, _Hash, _RehashPolicy, _Traits>::_Hashtable(_InputIterator, _InputIterator, std::_Hashtable<_Key, _Value, _Alloc, _ExtractKey, _Equal, _H1, _H2, _Hash, _RehashPolicy, _Traits>::size_type, const _H1&, const _H2&, const _Hash&, const _Equal&, const _ExtractKey&, const allocator_type&) [with _InputIterator = const std::pair<const app::appState, std::__cxx11::basic_string<char> >*; _Key = app::appState; _Value = std::pair<const app::appState, std::__cxx11::basic_string<char> >; _Alloc = std::allocator<std::pair<const app::appState, std::__cxx11::basic_string<char> > >; _ExtractKey = std::__detail::_Select1st; _Equal = std::equal_to<app::appState>; _H1 = std::hash<app::appState>; _H2 = std::__detail::_Mod_range_hashing; _Hash = std::__detail::_Default_ranged_hash; _RehashPolicy = std::__detail::_Prime_rehash_policy; _Traits = std::__detail::_Hashtable_traits<false, false, true>]	32	static
TFileSystem.cpp:211:1:void __static_initialization_and_destruction_0(int, int)	792	static
TFileSystem.cpp:211:1:cpp)	0	static
TFileSystem.cpp:211:1:cpp)	0	static
